Archive member included because of file (symbol)

/usr/lib/gcc/avr/4.7.0/avr4/libgcc.a(_udivmodsi4.o)
                              ./rf12.o (__udivmodsi4)
/usr/lib/gcc/avr/4.7.0/avr4/libgcc.a(_divmodsi4.o)
                              ./rf12.o (__divmodsi4)
/usr/lib/gcc/avr/4.7.0/avr4/libgcc.a(_exit.o)
                              /usr/lib/gcc/avr/4.7.0/../../../avr/lib/avr4/crtm8.o (exit)
/usr/lib/gcc/avr/4.7.0/avr4/libgcc.a(_copy_data.o)
                              ./indoor.o (__do_copy_data)
/usr/lib/gcc/avr/4.7.0/../../../avr/lib/avr4/libc.a(strcat.o)
                              ./indoor.o (strcat)
/usr/lib/gcc/avr/4.7.0/../../../avr/lib/avr4/libc.a(strchr.o)
                              ./indoor.o (strchr)
/usr/lib/gcc/avr/4.7.0/../../../avr/lib/avr4/libc.a(strncpy.o)
                              ./indoor.o (strncpy)

Memory Configuration

Name             Origin             Length             Attributes
text             0x00000000         0x00002000         xr
data             0x00800060         0x0000ffa0         rw !x
eeprom           0x00810000         0x00010000         rw !x
fuse             0x00820000         0x00000400         rw !x
lock             0x00830000         0x00000400         rw !x
signature        0x00840000         0x00000400         rw !x
*default*        0x00000000         0xffffffff

Linker script and memory map

LOAD /usr/lib/gcc/avr/4.7.0/../../../avr/lib/avr4/crtm8.o
LOAD ./hd44780.o
LOAD ./indoor.o
LOAD ./rf12.o
LOAD /usr/lib/gcc/avr/4.7.0/avr4/libgcc.a
LOAD /usr/lib/gcc/avr/4.7.0/../../../avr/lib/avr4/libc.a
LOAD /usr/lib/gcc/avr/4.7.0/avr4/libgcc.a

.hash
 *(.hash)

.dynsym
 *(.dynsym)

.dynstr
 *(.dynstr)

.gnu.version
 *(.gnu.version)

.gnu.version_d
 *(.gnu.version_d)

.gnu.version_r
 *(.gnu.version_r)

.rel.init
 *(.rel.init)

.rela.init
 *(.rela.init)

.rel.text
 *(.rel.text)
 *(.rel.text.*)
 *(.rel.gnu.linkonce.t*)

.rela.text
 *(.rela.text)
 *(.rela.text.*)
 *(.rela.gnu.linkonce.t*)

.rel.fini
 *(.rel.fini)

.rela.fini
 *(.rela.fini)

.rel.rodata
 *(.rel.rodata)
 *(.rel.rodata.*)
 *(.rel.gnu.linkonce.r*)

.rela.rodata
 *(.rela.rodata)
 *(.rela.rodata.*)
 *(.rela.gnu.linkonce.r*)

.rel.data
 *(.rel.data)
 *(.rel.data.*)
 *(.rel.gnu.linkonce.d*)

.rela.data
 *(.rela.data)
 *(.rela.data.*)
 *(.rela.gnu.linkonce.d*)

.rel.ctors
 *(.rel.ctors)

.rela.ctors
 *(.rela.ctors)

.rel.dtors
 *(.rel.dtors)

.rela.dtors
 *(.rela.dtors)

.rel.got
 *(.rel.got)

.rela.got
 *(.rela.got)

.rel.bss
 *(.rel.bss)

.rela.bss
 *(.rela.bss)

.rel.plt
 *(.rel.plt)

.rela.plt
 *(.rela.plt)

.text           0x00000000      0x546
 *(.vectors)
 .vectors       0x00000000       0x26 /usr/lib/gcc/avr/4.7.0/../../../avr/lib/avr4/crtm8.o
                0x00000000                __vectors
                0x00000000                __vector_default
 *(.vectors)
 *(.progmem.gcc*)
 *(.progmem*)
                0x00000026                . = ALIGN (0x2)
                0x00000026                __trampolines_start = .
 *(.trampolines)
 .trampolines   0x00000026        0x0 linker stubs
 *(.trampolines*)
                0x00000026                __trampolines_end = .
 *(.jumptables)
 *(.jumptables*)
 *(.lowtext)
 *(.lowtext*)
                0x00000026                __ctors_start = .
 *(.ctors)
                0x00000026                __ctors_end = .
                0x00000026                __dtors_start = .
 *(.dtors)
                0x00000026                __dtors_end = .
 SORT(*)(.ctors)
 SORT(*)(.dtors)
 *(.init0)
 .init0         0x00000026        0x0 /usr/lib/gcc/avr/4.7.0/../../../avr/lib/avr4/crtm8.o
                0x00000026                __init
 *(.init0)
 *(.init1)
 *(.init1)
 *(.init2)
 .init2         0x00000026        0xc /usr/lib/gcc/avr/4.7.0/../../../avr/lib/avr4/crtm8.o
 *(.init2)
 *(.init3)
 *(.init3)
 *(.init4)
 .init4         0x00000032       0x16 /usr/lib/gcc/avr/4.7.0/avr4/libgcc.a(_copy_data.o)
                0x00000032                __do_copy_data
 *(.init4)
 *(.init5)
 *(.init5)
 *(.init6)
 *(.init6)
 *(.init7)
 *(.init7)
 *(.init8)
 *(.init8)
 *(.init9)
 .init9         0x00000048        0x4 /usr/lib/gcc/avr/4.7.0/../../../avr/lib/avr4/crtm8.o
 *(.init9)
 *(.text)
 .text          0x0000004c        0x2 /usr/lib/gcc/avr/4.7.0/../../../avr/lib/avr4/crtm8.o
                0x0000004c                __vector_1
                0x0000004c                __vector_12
                0x0000004c                __bad_interrupt
                0x0000004c                __vector_6
                0x0000004c                __vector_3
                0x0000004c                __vector_11
                0x0000004c                __vector_13
                0x0000004c                __vector_17
                0x0000004c                __vector_7
                0x0000004c                __vector_5
                0x0000004c                __vector_4
                0x0000004c                __vector_9
                0x0000004c                __vector_2
                0x0000004c                __vector_15
                0x0000004c                __vector_8
                0x0000004c                __vector_14
                0x0000004c                __vector_10
                0x0000004c                __vector_16
                0x0000004c                __vector_18
 .text          0x0000004e      0x140 ./hd44780.o
                0x0000004e                _LCD_OutNibble
                0x00000078                _LCD_Write
                0x0000009e                LCD_WriteCommand
                0x000000a2                LCD_WriteData
                0x000000a6                LCD_WriteText
                0x000000bc                LCD_GoTo
                0x000000dc                LCD_Clear
                0x000000ee                LCD_Home
                0x00000100                LCD_Initalize
                0x0000016e                LCD_ClearLine
 .text          0x0000018e       0xee ./indoor.o
                0x0000018e                receive
                0x0000023c                send
 .text          0x0000027c      0x1c6 ./rf12.o
                0x0000027c                rf12_trans
                0x000002ae                rf12_init
                0x000002f2                rf12_setbandwidth
                0x00000318                rf12_setfreq
                0x00000334                rf12_setbaud
                0x00000370                rf12_setpower
                0x00000386                rf12_ready
                0x0000038e                rf12_txdata
                0x000003f8                rf12_rxdata
 .text          0x00000442        0x0 /usr/lib/gcc/avr/4.7.0/avr4/libgcc.a(_udivmodsi4.o)
 .text          0x00000442        0x0 /usr/lib/gcc/avr/4.7.0/avr4/libgcc.a(_divmodsi4.o)
 .text          0x00000442        0x0 /usr/lib/gcc/avr/4.7.0/avr4/libgcc.a(_exit.o)
 .text          0x00000442        0x0 /usr/lib/gcc/avr/4.7.0/avr4/libgcc.a(_copy_data.o)
 .text          0x00000442        0x0 /usr/lib/gcc/avr/4.7.0/../../../avr/lib/avr4/libc.a(strcat.o)
 .text          0x00000442        0x0 /usr/lib/gcc/avr/4.7.0/../../../avr/lib/avr4/libc.a(strchr.o)
 .text          0x00000442        0x0 /usr/lib/gcc/avr/4.7.0/../../../avr/lib/avr4/libc.a(strncpy.o)
                0x00000442                . = ALIGN (0x2)
 *(.text.*)
 .text.startup  0x00000442       0x3c ./indoor.o
                0x00000442                main
 .text.libgcc.mul
                0x0000047e        0x0 /usr/lib/gcc/avr/4.7.0/avr4/libgcc.a(_udivmodsi4.o)
 .text.libgcc.div
                0x0000047e       0x44 /usr/lib/gcc/avr/4.7.0/avr4/libgcc.a(_udivmodsi4.o)
                0x0000047e                __udivmodsi4
 .text.libgcc   0x000004c2        0x0 /usr/lib/gcc/avr/4.7.0/avr4/libgcc.a(_udivmodsi4.o)
 .text.libgcc.prologue
                0x000004c2        0x0 /usr/lib/gcc/avr/4.7.0/avr4/libgcc.a(_udivmodsi4.o)
 .text.libgcc.builtins
                0x000004c2        0x0 /usr/lib/gcc/avr/4.7.0/avr4/libgcc.a(_udivmodsi4.o)
 .text.libgcc.fmul
                0x000004c2        0x0 /usr/lib/gcc/avr/4.7.0/avr4/libgcc.a(_udivmodsi4.o)
 .text.libgcc.mul
                0x000004c2        0x0 /usr/lib/gcc/avr/4.7.0/avr4/libgcc.a(_divmodsi4.o)
 .text.libgcc.div
                0x000004c2       0x36 /usr/lib/gcc/avr/4.7.0/avr4/libgcc.a(_divmodsi4.o)
                0x000004c2                __divmodsi4
 .text.libgcc   0x000004f8        0x0 /usr/lib/gcc/avr/4.7.0/avr4/libgcc.a(_divmodsi4.o)
 .text.libgcc.prologue
                0x000004f8        0x0 /usr/lib/gcc/avr/4.7.0/avr4/libgcc.a(_divmodsi4.o)
 .text.libgcc.builtins
                0x000004f8        0x0 /usr/lib/gcc/avr/4.7.0/avr4/libgcc.a(_divmodsi4.o)
 .text.libgcc.fmul
                0x000004f8        0x0 /usr/lib/gcc/avr/4.7.0/avr4/libgcc.a(_divmodsi4.o)
 .text.libgcc.mul
                0x000004f8        0x0 /usr/lib/gcc/avr/4.7.0/avr4/libgcc.a(_exit.o)
 .text.libgcc.div
                0x000004f8        0x0 /usr/lib/gcc/avr/4.7.0/avr4/libgcc.a(_exit.o)
 .text.libgcc   0x000004f8        0x0 /usr/lib/gcc/avr/4.7.0/avr4/libgcc.a(_exit.o)
 .text.libgcc.prologue
                0x000004f8        0x0 /usr/lib/gcc/avr/4.7.0/avr4/libgcc.a(_exit.o)
 .text.libgcc.builtins
                0x000004f8        0x0 /usr/lib/gcc/avr/4.7.0/avr4/libgcc.a(_exit.o)
 .text.libgcc.fmul
                0x000004f8        0x0 /usr/lib/gcc/avr/4.7.0/avr4/libgcc.a(_exit.o)
 .text.libgcc.mul
                0x000004f8        0x0 /usr/lib/gcc/avr/4.7.0/avr4/libgcc.a(_copy_data.o)
 .text.libgcc.div
                0x000004f8        0x0 /usr/lib/gcc/avr/4.7.0/avr4/libgcc.a(_copy_data.o)
 .text.libgcc   0x000004f8        0x0 /usr/lib/gcc/avr/4.7.0/avr4/libgcc.a(_copy_data.o)
 .text.libgcc.prologue
                0x000004f8        0x0 /usr/lib/gcc/avr/4.7.0/avr4/libgcc.a(_copy_data.o)
 .text.libgcc.builtins
                0x000004f8        0x0 /usr/lib/gcc/avr/4.7.0/avr4/libgcc.a(_copy_data.o)
 .text.libgcc.fmul
                0x000004f8        0x0 /usr/lib/gcc/avr/4.7.0/avr4/libgcc.a(_copy_data.o)
 .text.avr-libc
                0x000004f8       0x16 /usr/lib/gcc/avr/4.7.0/../../../avr/lib/avr4/libc.a(strcat.o)
                0x000004f8                strcat
 .text.avr-libc
                0x0000050e       0x16 /usr/lib/gcc/avr/4.7.0/../../../avr/lib/avr4/libc.a(strchr.o)
                0x0000050e                strchr
 .text.avr-libc
                0x00000524       0x1e /usr/lib/gcc/avr/4.7.0/../../../avr/lib/avr4/libc.a(strncpy.o)
                0x00000524                strncpy
                0x00000542                . = ALIGN (0x2)
 *(.fini9)
 .fini9         0x00000542        0x0 /usr/lib/gcc/avr/4.7.0/avr4/libgcc.a(_exit.o)
                0x00000542                exit
                0x00000542                _exit
 *(.fini9)
 *(.fini8)
 *(.fini8)
 *(.fini7)
 *(.fini7)
 *(.fini6)
 *(.fini6)
 *(.fini5)
 *(.fini5)
 *(.fini4)
 *(.fini4)
 *(.fini3)
 *(.fini3)
 *(.fini2)
 *(.fini2)
 *(.fini1)
 *(.fini1)
 *(.fini0)
 .fini0         0x00000542        0x4 /usr/lib/gcc/avr/4.7.0/avr4/libgcc.a(_exit.o)
 *(.fini0)
                0x00000546                _etext = .

.data           0x00800060       0x32 load address 0x00000546
                0x00800060                PROVIDE (__data_start, .)
 *(.data)
 .data          0x00800060        0x0 /usr/lib/gcc/avr/4.7.0/../../../avr/lib/avr4/crtm8.o
 .data          0x00800060        0x0 ./hd44780.o
 .data          0x00800060        0x0 ./indoor.o
 .data          0x00800060        0x0 ./rf12.o
 .data          0x00800060        0x0 /usr/lib/gcc/avr/4.7.0/avr4/libgcc.a(_udivmodsi4.o)
 .data          0x00800060        0x0 /usr/lib/gcc/avr/4.7.0/avr4/libgcc.a(_divmodsi4.o)
 .data          0x00800060        0x0 /usr/lib/gcc/avr/4.7.0/avr4/libgcc.a(_exit.o)
 .data          0x00800060        0x0 /usr/lib/gcc/avr/4.7.0/avr4/libgcc.a(_copy_data.o)
 .data          0x00800060        0x0 /usr/lib/gcc/avr/4.7.0/../../../avr/lib/avr4/libc.a(strcat.o)
 .data          0x00800060        0x0 /usr/lib/gcc/avr/4.7.0/../../../avr/lib/avr4/libc.a(strchr.o)
 .data          0x00800060        0x0 /usr/lib/gcc/avr/4.7.0/../../../avr/lib/avr4/libc.a(strncpy.o)
 *(.data*)
 *(.rodata)
 *(.rodata*)
 .rodata.str1.1
                0x00800060       0x32 ./indoor.o
                                 0x36 (size before relaxing)
 *(.gnu.linkonce.d*)
                0x00800092                . = ALIGN (0x2)
                0x00800092                _edata = .
                0x00800092                PROVIDE (__data_end, .)

.bss            0x00800092        0x0
                0x00800092                PROVIDE (__bss_start, .)
 *(.bss)
 .bss           0x00800092        0x0 /usr/lib/gcc/avr/4.7.0/../../../avr/lib/avr4/crtm8.o
 .bss           0x00800092        0x0 ./hd44780.o
 .bss           0x00800092        0x0 ./indoor.o
 .bss           0x00800092        0x0 ./rf12.o
 .bss           0x00800092        0x0 /usr/lib/gcc/avr/4.7.0/avr4/libgcc.a(_udivmodsi4.o)
 .bss           0x00800092        0x0 /usr/lib/gcc/avr/4.7.0/avr4/libgcc.a(_divmodsi4.o)
 .bss           0x00800092        0x0 /usr/lib/gcc/avr/4.7.0/avr4/libgcc.a(_exit.o)
 .bss           0x00800092        0x0 /usr/lib/gcc/avr/4.7.0/avr4/libgcc.a(_copy_data.o)
 .bss           0x00800092        0x0 /usr/lib/gcc/avr/4.7.0/../../../avr/lib/avr4/libc.a(strcat.o)
 .bss           0x00800092        0x0 /usr/lib/gcc/avr/4.7.0/../../../avr/lib/avr4/libc.a(strchr.o)
 .bss           0x00800092        0x0 /usr/lib/gcc/avr/4.7.0/../../../avr/lib/avr4/libc.a(strncpy.o)
 *(.bss*)
 *(COMMON)
                0x00800092                PROVIDE (__bss_end, .)
                0x00000546                __data_load_start = LOADADDR (.data)
                0x00000578                __data_load_end = (__data_load_start + SIZEOF (.data))

.noinit         0x00800092        0x0
                0x00800092                PROVIDE (__noinit_start, .)
 *(.noinit*)
                0x00800092                PROVIDE (__noinit_end, .)
                0x00800092                _end = .
                0x00800092                PROVIDE (__heap_start, .)

.eeprom         0x00810000        0x0
 *(.eeprom*)
                0x00810000                __eeprom_end = .

.fuse
 *(.fuse)
 *(.lfuse)
 *(.hfuse)
 *(.efuse)

.lock
 *(.lock*)

.signature
 *(.signature*)

.stab           0x00000000      0x8d0
 *(.stab)
 .stab          0x00000000      0x6cc /usr/lib/gcc/avr/4.7.0/../../../avr/lib/avr4/crtm8.o
 .stab          0x000006cc       0x9c /usr/lib/gcc/avr/4.7.0/../../../avr/lib/avr4/libc.a(strcat.o)
                                 0xa8 (size before relaxing)
 .stab          0x00000768       0x9c /usr/lib/gcc/avr/4.7.0/../../../avr/lib/avr4/libc.a(strchr.o)
                                 0xa8 (size before relaxing)
 .stab          0x00000804       0xcc /usr/lib/gcc/avr/4.7.0/../../../avr/lib/avr4/libc.a(strncpy.o)
                                 0xd8 (size before relaxing)

.stabstr        0x00000000       0xdf
 *(.stabstr)
 .stabstr       0x00000000       0xdf /usr/lib/gcc/avr/4.7.0/../../../avr/lib/avr4/crtm8.o

.stab.excl
 *(.stab.excl)

.stab.exclstr
 *(.stab.exclstr)

.stab.index
 *(.stab.index)

.stab.indexstr
 *(.stab.indexstr)

.comment        0x00000000       0x11
 *(.comment)
 .comment       0x00000000       0x11 ./hd44780.o
                                 0x12 (size before relaxing)
 .comment       0x00000000       0x12 ./indoor.o
 .comment       0x00000000       0x12 ./rf12.o

.debug
 *(.debug)

.line
 *(.line)

.debug_srcinfo
 *(.debug_srcinfo)

.debug_sfnames
 *(.debug_sfnames)

.debug_aranges
 *(.debug_aranges)

.debug_pubnames
 *(.debug_pubnames)

.debug_info
 *(.debug_info)
 *(.gnu.linkonce.wi.*)

.debug_abbrev
 *(.debug_abbrev)

.debug_line
 *(.debug_line)

.debug_frame
 *(.debug_frame)

.debug_str
 *(.debug_str)

.debug_loc
 *(.debug_loc)

.debug_macinfo
 *(.debug_macinfo)
OUTPUT(indoor3.elf elf32-avr)
LOAD linker stubs
