Archive member included because of file (symbol)

/usr/lib/gcc/avr/4.7.0/avr4/libgcc.a(_umulhisi3.o)
                              ./ds18x20.o (__umulhisi3)
/usr/lib/gcc/avr/4.7.0/avr4/libgcc.a(_udivmodhi4.o)
                              ./outdoor.o (__udivmodhi4)
/usr/lib/gcc/avr/4.7.0/avr4/libgcc.a(_divmodhi4.o)
                              ./ds18x20.o (__divmodhi4)
/usr/lib/gcc/avr/4.7.0/avr4/libgcc.a(_udivmodsi4.o)
                              ./rf12.o (__udivmodsi4)
/usr/lib/gcc/avr/4.7.0/avr4/libgcc.a(_divmodsi4.o)
                              ./ds18x20.o (__divmodsi4)
/usr/lib/gcc/avr/4.7.0/avr4/libgcc.a(_exit.o)
                              /usr/lib/gcc/avr/4.7.0/../../../avr/lib/avr4/crtm8.o (exit)
/usr/lib/gcc/avr/4.7.0/avr4/libgcc.a(_copy_data.o)
                              ./outdoor.o (__do_copy_data)
/usr/lib/gcc/avr/4.7.0/../../../avr/lib/avr4/libc.a(strcat.o)
                              ./outdoor.o (strcat)
/usr/lib/gcc/avr/4.7.0/../../../avr/lib/avr4/libc.a(strcpy.o)
                              ./outdoor.o (strcpy)
/usr/lib/gcc/avr/4.7.0/../../../avr/lib/avr4/libc.a(strncat.o)
                              ./outdoor.o (strncat)
/usr/lib/gcc/avr/4.7.0/../../../avr/lib/avr4/libc.a(itoa.o)
                              ./outdoor.o (itoa)
/usr/lib/gcc/avr/4.7.0/../../../avr/lib/avr4/libc.a(strrev.o)
                              /usr/lib/gcc/avr/4.7.0/../../../avr/lib/avr4/libc.a(itoa.o) (strrev)

Memory Configuration

Name             Origin             Length             Attributes
text             0x00000000         0x00002000         xr
data             0x00800060         0x0000ffa0         rw !x
eeprom           0x00810000         0x00010000         rw !x
fuse             0x00820000         0x00000400         rw !x
lock             0x00830000         0x00000400         rw !x
signature        0x00840000         0x00000400         rw !x
*default*        0x00000000         0xffffffff

Linker script and memory map

LOAD /usr/lib/gcc/avr/4.7.0/../../../avr/lib/avr4/crtm8.o
LOAD ./crc8.o
LOAD ./ds18x20.o
LOAD ./onewire.o
LOAD ./outdoor.o
LOAD ./rf12.o
LOAD /usr/lib/gcc/avr/4.7.0/avr4/libgcc.a
LOAD /usr/lib/gcc/avr/4.7.0/../../../avr/lib/avr4/libc.a
LOAD /usr/lib/gcc/avr/4.7.0/avr4/libgcc.a

.hash
 *(.hash)

.dynsym
 *(.dynsym)

.dynstr
 *(.dynstr)

.gnu.version
 *(.gnu.version)

.gnu.version_d
 *(.gnu.version_d)

.gnu.version_r
 *(.gnu.version_r)

.rel.init
 *(.rel.init)

.rela.init
 *(.rela.init)

.rel.text
 *(.rel.text)
 *(.rel.text.*)
 *(.rel.gnu.linkonce.t*)

.rela.text
 *(.rela.text)
 *(.rela.text.*)
 *(.rela.gnu.linkonce.t*)

.rel.fini
 *(.rel.fini)

.rela.fini
 *(.rela.fini)

.rel.rodata
 *(.rel.rodata)
 *(.rel.rodata.*)
 *(.rel.gnu.linkonce.r*)

.rela.rodata
 *(.rela.rodata)
 *(.rela.rodata.*)
 *(.rela.gnu.linkonce.r*)

.rel.data
 *(.rel.data)
 *(.rel.data.*)
 *(.rel.gnu.linkonce.d*)

.rela.data
 *(.rela.data)
 *(.rela.data.*)
 *(.rela.gnu.linkonce.d*)

.rel.ctors
 *(.rel.ctors)

.rela.ctors
 *(.rela.ctors)

.rel.dtors
 *(.rel.dtors)

.rela.dtors
 *(.rela.dtors)

.rel.got
 *(.rel.got)

.rela.got
 *(.rela.got)

.rel.bss
 *(.rel.bss)

.rela.bss
 *(.rela.bss)

.rel.plt
 *(.rel.plt)

.rela.plt
 *(.rela.plt)

.text           0x00000000      0xd54
 *(.vectors)
 .vectors       0x00000000       0x26 /usr/lib/gcc/avr/4.7.0/../../../avr/lib/avr4/crtm8.o
                0x00000000                __vectors
                0x00000000                __vector_default
 *(.vectors)
 *(.progmem.gcc*)
 *(.progmem*)
                0x00000026                . = ALIGN (0x2)
                0x00000026                __trampolines_start = .
 *(.trampolines)
 .trampolines   0x00000026        0x0 linker stubs
 *(.trampolines*)
                0x00000026                __trampolines_end = .
 *(.jumptables)
 *(.jumptables*)
 *(.lowtext)
 *(.lowtext*)
                0x00000026                __ctors_start = .
 *(.ctors)
                0x00000026                __ctors_end = .
                0x00000026                __dtors_start = .
 *(.dtors)
                0x00000026                __dtors_end = .
 SORT(*)(.ctors)
 SORT(*)(.dtors)
 *(.init0)
 .init0         0x00000026        0x0 /usr/lib/gcc/avr/4.7.0/../../../avr/lib/avr4/crtm8.o
                0x00000026                __init
 *(.init0)
 *(.init1)
 *(.init1)
 *(.init2)
 .init2         0x00000026        0xc /usr/lib/gcc/avr/4.7.0/../../../avr/lib/avr4/crtm8.o
 *(.init2)
 *(.init3)
 *(.init3)
 *(.init4)
 .init4         0x00000032       0x16 /usr/lib/gcc/avr/4.7.0/avr4/libgcc.a(_copy_data.o)
                0x00000032                __do_copy_data
 *(.init4)
 *(.init5)
 *(.init5)
 *(.init6)
 *(.init6)
 *(.init7)
 *(.init7)
 *(.init8)
 *(.init8)
 *(.init9)
 .init9         0x00000048        0x4 /usr/lib/gcc/avr/4.7.0/../../../avr/lib/avr4/crtm8.o
 *(.init9)
 *(.text)
 .text          0x0000004c        0x2 /usr/lib/gcc/avr/4.7.0/../../../avr/lib/avr4/crtm8.o
                0x0000004c                __vector_1
                0x0000004c                __vector_12
                0x0000004c                __bad_interrupt
                0x0000004c                __vector_6
                0x0000004c                __vector_3
                0x0000004c                __vector_11
                0x0000004c                __vector_13
                0x0000004c                __vector_17
                0x0000004c                __vector_7
                0x0000004c                __vector_5
                0x0000004c                __vector_4
                0x0000004c                __vector_9
                0x0000004c                __vector_2
                0x0000004c                __vector_15
                0x0000004c                __vector_8
                0x0000004c                __vector_14
                0x0000004c                __vector_10
                0x0000004c                __vector_16
                0x0000004c                __vector_18
 .text          0x0000004e       0x32 ./crc8.o
                0x0000004e                crc8
 .text          0x00000080      0x652 ./ds18x20.o
                0x00000232                DS18X20_find_sensor
                0x0000026e                DS18X20_get_power_status
                0x00000292                DS18X20_start_meas
                0x000002ce                DS18X20_conversion_in_progress
                0x000002dc                DS18X20_format_from_decicelsius
                0x000003dc                DS18X20_read_decicelsius
                0x00000440                DS18X20_read_decicelsius_single
                0x0000049e                DS18X20_read_maxres
                0x00000506                DS18X20_read_maxres_single
                0x00000568                DS18X20_format_from_maxres
 .text          0x000006d2      0x1e4 ./onewire.o
                0x000006d2                ow_input_pin_state
                0x000006d8                ow_parasite_enable
                0x00000738                ow_parasite_disable
                0x0000073c                ow_reset
                0x00000778                ow_bit_io
                0x0000077e                ow_byte_wr
                0x0000079e                ow_byte_wr_with_parasite_enable
                0x0000081c                ow_byte_rd
                0x00000820                ow_rom_search
                0x000008ae                ow_command
                0x000008b2                ow_command_with_parasite_enable
 .text          0x000008b6       0x32 ./outdoor.o
                0x000008b6                receive
                0x000008e4                send
 .text          0x000008e8      0x1c4 ./rf12.o
                0x000008e8                rf12_trans
                0x00000918                rf12_init
                0x0000095c                rf12_setbandwidth
                0x00000982                rf12_setfreq
                0x0000099e                rf12_setbaud
                0x000009da                rf12_setpower
                0x000009f0                rf12_ready
                0x000009f8                rf12_txdata
                0x00000a62                rf12_rxdata
 .text          0x00000aac        0x0 /usr/lib/gcc/avr/4.7.0/avr4/libgcc.a(_umulhisi3.o)
 .text          0x00000aac        0x0 /usr/lib/gcc/avr/4.7.0/avr4/libgcc.a(_udivmodhi4.o)
 .text          0x00000aac        0x0 /usr/lib/gcc/avr/4.7.0/avr4/libgcc.a(_divmodhi4.o)
 .text          0x00000aac        0x0 /usr/lib/gcc/avr/4.7.0/avr4/libgcc.a(_udivmodsi4.o)
 .text          0x00000aac        0x0 /usr/lib/gcc/avr/4.7.0/avr4/libgcc.a(_divmodsi4.o)
 .text          0x00000aac        0x0 /usr/lib/gcc/avr/4.7.0/avr4/libgcc.a(_exit.o)
 .text          0x00000aac        0x0 /usr/lib/gcc/avr/4.7.0/avr4/libgcc.a(_copy_data.o)
 .text          0x00000aac        0x0 /usr/lib/gcc/avr/4.7.0/../../../avr/lib/avr4/libc.a(strcat.o)
 .text          0x00000aac        0x0 /usr/lib/gcc/avr/4.7.0/../../../avr/lib/avr4/libc.a(strcpy.o)
 .text          0x00000aac        0x0 /usr/lib/gcc/avr/4.7.0/../../../avr/lib/avr4/libc.a(strncat.o)
 .text          0x00000aac        0x0 /usr/lib/gcc/avr/4.7.0/../../../avr/lib/avr4/libc.a(itoa.o)
 .text          0x00000aac        0x0 /usr/lib/gcc/avr/4.7.0/../../../avr/lib/avr4/libc.a(strrev.o)
                0x00000aac                . = ALIGN (0x2)
 *(.text.*)
 .text.startup  0x00000aac      0x122 ./outdoor.o
                0x00000aac                main
 .text.libgcc.mul
                0x00000bce       0x18 /usr/lib/gcc/avr/4.7.0/avr4/libgcc.a(_umulhisi3.o)
                0x00000bce                __umulhisi3
 .text.libgcc.div
                0x00000be6        0x0 /usr/lib/gcc/avr/4.7.0/avr4/libgcc.a(_umulhisi3.o)
 .text.libgcc   0x00000be6        0x0 /usr/lib/gcc/avr/4.7.0/avr4/libgcc.a(_umulhisi3.o)
 .text.libgcc.prologue
                0x00000be6        0x0 /usr/lib/gcc/avr/4.7.0/avr4/libgcc.a(_umulhisi3.o)
 .text.libgcc.builtins
                0x00000be6        0x0 /usr/lib/gcc/avr/4.7.0/avr4/libgcc.a(_umulhisi3.o)
 .text.libgcc.fmul
                0x00000be6        0x0 /usr/lib/gcc/avr/4.7.0/avr4/libgcc.a(_umulhisi3.o)
 .text.libgcc.mul
                0x00000be6        0x0 /usr/lib/gcc/avr/4.7.0/avr4/libgcc.a(_udivmodhi4.o)
 .text.libgcc.div
                0x00000be6       0x28 /usr/lib/gcc/avr/4.7.0/avr4/libgcc.a(_udivmodhi4.o)
                0x00000be6                __udivmodhi4
 .text.libgcc   0x00000c0e        0x0 /usr/lib/gcc/avr/4.7.0/avr4/libgcc.a(_udivmodhi4.o)
 .text.libgcc.prologue
                0x00000c0e        0x0 /usr/lib/gcc/avr/4.7.0/avr4/libgcc.a(_udivmodhi4.o)
 .text.libgcc.builtins
                0x00000c0e        0x0 /usr/lib/gcc/avr/4.7.0/avr4/libgcc.a(_udivmodhi4.o)
 .text.libgcc.fmul
                0x00000c0e        0x0 /usr/lib/gcc/avr/4.7.0/avr4/libgcc.a(_udivmodhi4.o)
 .text.libgcc.mul
                0x00000c0e        0x0 /usr/lib/gcc/avr/4.7.0/avr4/libgcc.a(_divmodhi4.o)
 .text.libgcc.div
                0x00000c0e       0x26 /usr/lib/gcc/avr/4.7.0/avr4/libgcc.a(_divmodhi4.o)
                0x00000c0e                __divmodhi4
                0x00000c0e                _div
 .text.libgcc   0x00000c34        0x0 /usr/lib/gcc/avr/4.7.0/avr4/libgcc.a(_divmodhi4.o)
 .text.libgcc.prologue
                0x00000c34        0x0 /usr/lib/gcc/avr/4.7.0/avr4/libgcc.a(_divmodhi4.o)
 .text.libgcc.builtins
                0x00000c34        0x0 /usr/lib/gcc/avr/4.7.0/avr4/libgcc.a(_divmodhi4.o)
 .text.libgcc.fmul
                0x00000c34        0x0 /usr/lib/gcc/avr/4.7.0/avr4/libgcc.a(_divmodhi4.o)
 .text.libgcc.mul
                0x00000c34        0x0 /usr/lib/gcc/avr/4.7.0/avr4/libgcc.a(_udivmodsi4.o)
 .text.libgcc.div
                0x00000c34       0x44 /usr/lib/gcc/avr/4.7.0/avr4/libgcc.a(_udivmodsi4.o)
                0x00000c34                __udivmodsi4
 .text.libgcc   0x00000c78        0x0 /usr/lib/gcc/avr/4.7.0/avr4/libgcc.a(_udivmodsi4.o)
 .text.libgcc.prologue
                0x00000c78        0x0 /usr/lib/gcc/avr/4.7.0/avr4/libgcc.a(_udivmodsi4.o)
 .text.libgcc.builtins
                0x00000c78        0x0 /usr/lib/gcc/avr/4.7.0/avr4/libgcc.a(_udivmodsi4.o)
 .text.libgcc.fmul
                0x00000c78        0x0 /usr/lib/gcc/avr/4.7.0/avr4/libgcc.a(_udivmodsi4.o)
 .text.libgcc.mul
                0x00000c78        0x0 /usr/lib/gcc/avr/4.7.0/avr4/libgcc.a(_divmodsi4.o)
 .text.libgcc.div
                0x00000c78       0x36 /usr/lib/gcc/avr/4.7.0/avr4/libgcc.a(_divmodsi4.o)
                0x00000c78                __divmodsi4
 .text.libgcc   0x00000cae        0x0 /usr/lib/gcc/avr/4.7.0/avr4/libgcc.a(_divmodsi4.o)
 .text.libgcc.prologue
                0x00000cae        0x0 /usr/lib/gcc/avr/4.7.0/avr4/libgcc.a(_divmodsi4.o)
 .text.libgcc.builtins
                0x00000cae        0x0 /usr/lib/gcc/avr/4.7.0/avr4/libgcc.a(_divmodsi4.o)
 .text.libgcc.fmul
                0x00000cae        0x0 /usr/lib/gcc/avr/4.7.0/avr4/libgcc.a(_divmodsi4.o)
 .text.libgcc.mul
                0x00000cae        0x0 /usr/lib/gcc/avr/4.7.0/avr4/libgcc.a(_exit.o)
 .text.libgcc.div
                0x00000cae        0x0 /usr/lib/gcc/avr/4.7.0/avr4/libgcc.a(_exit.o)
 .text.libgcc   0x00000cae        0x0 /usr/lib/gcc/avr/4.7.0/avr4/libgcc.a(_exit.o)
 .text.libgcc.prologue
                0x00000cae        0x0 /usr/lib/gcc/avr/4.7.0/avr4/libgcc.a(_exit.o)
 .text.libgcc.builtins
                0x00000cae        0x0 /usr/lib/gcc/avr/4.7.0/avr4/libgcc.a(_exit.o)
 .text.libgcc.fmul
                0x00000cae        0x0 /usr/lib/gcc/avr/4.7.0/avr4/libgcc.a(_exit.o)
 .text.libgcc.mul
                0x00000cae        0x0 /usr/lib/gcc/avr/4.7.0/avr4/libgcc.a(_copy_data.o)
 .text.libgcc.div
                0x00000cae        0x0 /usr/lib/gcc/avr/4.7.0/avr4/libgcc.a(_copy_data.o)
 .text.libgcc   0x00000cae        0x0 /usr/lib/gcc/avr/4.7.0/avr4/libgcc.a(_copy_data.o)
 .text.libgcc.prologue
                0x00000cae        0x0 /usr/lib/gcc/avr/4.7.0/avr4/libgcc.a(_copy_data.o)
 .text.libgcc.builtins
                0x00000cae        0x0 /usr/lib/gcc/avr/4.7.0/avr4/libgcc.a(_copy_data.o)
 .text.libgcc.fmul
                0x00000cae        0x0 /usr/lib/gcc/avr/4.7.0/avr4/libgcc.a(_copy_data.o)
 .text.avr-libc
                0x00000cae       0x16 /usr/lib/gcc/avr/4.7.0/../../../avr/lib/avr4/libc.a(strcat.o)
                0x00000cae                strcat
 .text.avr-libc
                0x00000cc4        0xe /usr/lib/gcc/avr/4.7.0/../../../avr/lib/avr4/libc.a(strcpy.o)
                0x00000cc4                strcpy
 .text.avr-libc
                0x00000cd2       0x20 /usr/lib/gcc/avr/4.7.0/../../../avr/lib/avr4/libc.a(strncat.o)
                0x00000cd2                strncat
 .text.avr-libc
                0x00000cf2       0x3e /usr/lib/gcc/avr/4.7.0/../../../avr/lib/avr4/libc.a(itoa.o)
                0x00000cf2                itoa
 .text.avr-libc
                0x00000d30       0x20 /usr/lib/gcc/avr/4.7.0/../../../avr/lib/avr4/libc.a(strrev.o)
                0x00000d30                strrev
                0x00000d50                . = ALIGN (0x2)
 *(.fini9)
 .fini9         0x00000d50        0x0 /usr/lib/gcc/avr/4.7.0/avr4/libgcc.a(_exit.o)
                0x00000d50                exit
                0x00000d50                _exit
 *(.fini9)
 *(.fini8)
 *(.fini8)
 *(.fini7)
 *(.fini7)
 *(.fini6)
 *(.fini6)
 *(.fini5)
 *(.fini5)
 *(.fini4)
 *(.fini4)
 *(.fini3)
 *(.fini3)
 *(.fini2)
 *(.fini2)
 *(.fini1)
 *(.fini1)
 *(.fini0)
 .fini0         0x00000d50        0x4 /usr/lib/gcc/avr/4.7.0/avr4/libgcc.a(_exit.o)
 *(.fini0)
                0x00000d54                _etext = .

.data           0x00800060       0x12 load address 0x00000d54
                0x00800060                PROVIDE (__data_start, .)
 *(.data)
 .data          0x00800060        0x0 /usr/lib/gcc/avr/4.7.0/../../../avr/lib/avr4/crtm8.o
 .data          0x00800060        0x0 ./crc8.o
 .data          0x00800060        0x0 ./ds18x20.o
 .data          0x00800060        0x0 ./onewire.o
 .data          0x00800060        0x0 ./outdoor.o
 .data          0x00800060        0x0 ./rf12.o
 .data          0x00800060        0x0 /usr/lib/gcc/avr/4.7.0/avr4/libgcc.a(_umulhisi3.o)
 .data          0x00800060        0x0 /usr/lib/gcc/avr/4.7.0/avr4/libgcc.a(_udivmodhi4.o)
 .data          0x00800060        0x0 /usr/lib/gcc/avr/4.7.0/avr4/libgcc.a(_divmodhi4.o)
 .data          0x00800060        0x0 /usr/lib/gcc/avr/4.7.0/avr4/libgcc.a(_udivmodsi4.o)
 .data          0x00800060        0x0 /usr/lib/gcc/avr/4.7.0/avr4/libgcc.a(_divmodsi4.o)
 .data          0x00800060        0x0 /usr/lib/gcc/avr/4.7.0/avr4/libgcc.a(_exit.o)
 .data          0x00800060        0x0 /usr/lib/gcc/avr/4.7.0/avr4/libgcc.a(_copy_data.o)
 .data          0x00800060        0x0 /usr/lib/gcc/avr/4.7.0/../../../avr/lib/avr4/libc.a(strcat.o)
 .data          0x00800060        0x0 /usr/lib/gcc/avr/4.7.0/../../../avr/lib/avr4/libc.a(strcpy.o)
 .data          0x00800060        0x0 /usr/lib/gcc/avr/4.7.0/../../../avr/lib/avr4/libc.a(strncat.o)
 .data          0x00800060        0x0 /usr/lib/gcc/avr/4.7.0/../../../avr/lib/avr4/libc.a(itoa.o)
 .data          0x00800060        0x0 /usr/lib/gcc/avr/4.7.0/../../../avr/lib/avr4/libc.a(strrev.o)
 *(.data*)
 *(.rodata)
 *(.rodata*)
 .rodata.str1.1
                0x00800060       0x11 ./outdoor.o
 *(.gnu.linkonce.d*)
                0x00800072                . = ALIGN (0x2)
 *fill*         0x00800071        0x1 00
                0x00800072                _edata = .
                0x00800072                PROVIDE (__data_end, .)

.bss            0x00800072        0x0
                0x00800072                PROVIDE (__bss_start, .)
 *(.bss)
 .bss           0x00800072        0x0 /usr/lib/gcc/avr/4.7.0/../../../avr/lib/avr4/crtm8.o
 .bss           0x00800072        0x0 ./crc8.o
 .bss           0x00800072        0x0 ./ds18x20.o
 .bss           0x00800072        0x0 ./onewire.o
 .bss           0x00800072        0x0 ./outdoor.o
 .bss           0x00800072        0x0 ./rf12.o
 .bss           0x00800072        0x0 /usr/lib/gcc/avr/4.7.0/avr4/libgcc.a(_umulhisi3.o)
 .bss           0x00800072        0x0 /usr/lib/gcc/avr/4.7.0/avr4/libgcc.a(_udivmodhi4.o)
 .bss           0x00800072        0x0 /usr/lib/gcc/avr/4.7.0/avr4/libgcc.a(_divmodhi4.o)
 .bss           0x00800072        0x0 /usr/lib/gcc/avr/4.7.0/avr4/libgcc.a(_udivmodsi4.o)
 .bss           0x00800072        0x0 /usr/lib/gcc/avr/4.7.0/avr4/libgcc.a(_divmodsi4.o)
 .bss           0x00800072        0x0 /usr/lib/gcc/avr/4.7.0/avr4/libgcc.a(_exit.o)
 .bss           0x00800072        0x0 /usr/lib/gcc/avr/4.7.0/avr4/libgcc.a(_copy_data.o)
 .bss           0x00800072        0x0 /usr/lib/gcc/avr/4.7.0/../../../avr/lib/avr4/libc.a(strcat.o)
 .bss           0x00800072        0x0 /usr/lib/gcc/avr/4.7.0/../../../avr/lib/avr4/libc.a(strcpy.o)
 .bss           0x00800072        0x0 /usr/lib/gcc/avr/4.7.0/../../../avr/lib/avr4/libc.a(strncat.o)
 .bss           0x00800072        0x0 /usr/lib/gcc/avr/4.7.0/../../../avr/lib/avr4/libc.a(itoa.o)
 .bss           0x00800072        0x0 /usr/lib/gcc/avr/4.7.0/../../../avr/lib/avr4/libc.a(strrev.o)
 *(.bss*)
 *(COMMON)
                0x00800072                PROVIDE (__bss_end, .)
                0x00000d54                __data_load_start = LOADADDR (.data)
                0x00000d66                __data_load_end = (__data_load_start + SIZEOF (.data))

.noinit         0x00800072        0x0
                0x00800072                PROVIDE (__noinit_start, .)
 *(.noinit*)
                0x00800072                PROVIDE (__noinit_end, .)
                0x00800072                _end = .
                0x00800072                PROVIDE (__heap_start, .)

.eeprom         0x00810000        0x0
 *(.eeprom*)
                0x00810000                __eeprom_end = .

.fuse
 *(.fuse)
 *(.lfuse)
 *(.hfuse)
 *(.efuse)

.lock
 *(.lock*)

.signature
 *(.signature*)

.stab           0x00000000      0xb34
 *(.stab)
 .stab          0x00000000      0x6cc /usr/lib/gcc/avr/4.7.0/../../../avr/lib/avr4/crtm8.o
 .stab          0x000006cc       0x9c /usr/lib/gcc/avr/4.7.0/../../../avr/lib/avr4/libc.a(strcat.o)
                                 0xa8 (size before relaxing)
 .stab          0x00000768       0x6c /usr/lib/gcc/avr/4.7.0/../../../avr/lib/avr4/libc.a(strcpy.o)
                                 0x78 (size before relaxing)
 .stab          0x000007d4       0xd8 /usr/lib/gcc/avr/4.7.0/../../../avr/lib/avr4/libc.a(strncat.o)
                                 0xe4 (size before relaxing)
 .stab          0x000008ac      0x1b0 /usr/lib/gcc/avr/4.7.0/../../../avr/lib/avr4/libc.a(itoa.o)
                                0x1bc (size before relaxing)
 .stab          0x00000a5c       0xd8 /usr/lib/gcc/avr/4.7.0/../../../avr/lib/avr4/libc.a(strrev.o)
                                 0xe4 (size before relaxing)

.stabstr        0x00000000      0x13f
 *(.stabstr)
 .stabstr       0x00000000      0x13f /usr/lib/gcc/avr/4.7.0/../../../avr/lib/avr4/crtm8.o

.stab.excl
 *(.stab.excl)

.stab.exclstr
 *(.stab.exclstr)

.stab.index
 *(.stab.index)

.stab.indexstr
 *(.stab.indexstr)

.comment        0x00000000       0x11
 *(.comment)
 .comment       0x00000000       0x11 ./crc8.o
                                 0x12 (size before relaxing)
 .comment       0x00000000       0x12 ./ds18x20.o
 .comment       0x00000000       0x12 ./onewire.o
 .comment       0x00000000       0x12 ./outdoor.o
 .comment       0x00000000       0x12 ./rf12.o

.debug
 *(.debug)

.line
 *(.line)

.debug_srcinfo
 *(.debug_srcinfo)

.debug_sfnames
 *(.debug_sfnames)

.debug_aranges
 *(.debug_aranges)

.debug_pubnames
 *(.debug_pubnames)

.debug_info
 *(.debug_info)
 *(.gnu.linkonce.wi.*)

.debug_abbrev
 *(.debug_abbrev)

.debug_line
 *(.debug_line)

.debug_frame
 *(.debug_frame)

.debug_str
 *(.debug_str)

.debug_loc
 *(.debug_loc)

.debug_macinfo
 *(.debug_macinfo)
OUTPUT(outdoor3.elf elf32-avr)
LOAD linker stubs
